 
****************************************
Report : constraint
        -all_violators
Design : fifo1_srama
Version: Q-2019.12-SP3
Date   : Thu Jan 26 06:03:47 2023
****************************************


   max_delay/setup ('INPUTS' group)

                             Required        Actual
   Endpoint                 Path Delay     Path Delay        Slack
   -----------------------------------------------------------------
   wptr_full/wfull_reg/D        1.77           2.63 r        -0.86  (VIOLATED)
   rptr_empty/rempty_reg/D      1.78           2.63 r        -0.86  (VIOLATED)
   wptr_full/wptr_reg_9_/D      1.77           2.41 r        -0.64  (VIOLATED)
   wptr_full/wptr_reg_1_/D      1.77           2.40 f        -0.63  (VIOLATED)
   wptr_full/wptr_reg_6_/D      1.77           2.39 r        -0.63  (VIOLATED)
   wptr_full/wptr_reg_8_/D      1.77           2.39 r        -0.62  (VIOLATED)
   rptr_empty/rptr_reg_9_/D     1.78           2.40 f        -0.62  (VIOLATED)
   wptr_full/wptr_reg_7_/D      1.77           2.39 r        -0.62  (VIOLATED)
   wptr_full/wptr_reg_2_/D      1.77           2.39 r        -0.62  (VIOLATED)
   wptr_full/wptr_reg_4_/D      1.77           2.39 r        -0.62  (VIOLATED)
   rptr_empty/rptr_reg_7_/D     1.77           2.39 r        -0.62  (VIOLATED)
   rptr_empty/rptr_reg_6_/D     1.78           2.39 f        -0.62  (VIOLATED)
   wptr_full/wptr_reg_5_/D      1.77           2.39 r        -0.62  (VIOLATED)
   rptr_empty/rptr_reg_3_/D     1.77           2.39 f        -0.61  (VIOLATED)
   rptr_empty/rptr_reg_2_/D     1.77           2.38 r        -0.61  (VIOLATED)
   wptr_full/wptr_reg_0_/D      1.77           2.38 r        -0.61  (VIOLATED)
   rptr_empty/rptr_reg_5_/D     1.78           2.39 f        -0.61  (VIOLATED)
   wptr_full/wptr_reg_3_/D      1.78           2.38 f        -0.61  (VIOLATED)
   rptr_empty/rptr_reg_1_/D     1.78           2.38 f        -0.61  (VIOLATED)
   rptr_empty/rptr_reg_8_/D     1.77           2.37 r        -0.61  (VIOLATED)
   rptr_empty/rptr_reg_4_/D     1.78           2.38 f        -0.60  (VIOLATED)
   wptr_full/wbin_reg_10_/D     1.77           2.37 r        -0.60  (VIOLATED)
   rptr_empty/rptr_reg_0_/D     1.77           2.36 r        -0.59  (VIOLATED)
   rptr_empty/rbin_reg_10_/D
                                1.78           2.32 f        -0.54  (VIOLATED)
   rptr_empty/rbin_reg_7_/D     1.78           2.31 f        -0.52  (VIOLATED)
   wptr_full/wbin_reg_6_/D      1.78           2.30 f        -0.52  (VIOLATED)
   wptr_full/wbin_reg_9_/D      1.75           2.28 r        -0.52  (VIOLATED)
   wptr_full/wbin_reg_1_/D      1.78           2.30 f        -0.52  (VIOLATED)
   wptr_full/wbin_reg_7_/D      1.78           2.29 f        -0.52  (VIOLATED)
   wptr_full/wbin_reg_8_/D      1.78           2.29 f        -0.52  (VIOLATED)
   wptr_full/wbin_reg_2_/D      1.78           2.30 f        -0.52  (VIOLATED)
   wptr_full/wbin_reg_4_/D      1.78           2.29 f        -0.52  (VIOLATED)
   wptr_full/wbin_reg_5_/D      1.78           2.29 f        -0.52  (VIOLATED)
   rptr_empty/rbin_reg_3_/D     1.77           2.28 r        -0.52  (VIOLATED)
   rptr_empty/rbin_reg_9_/D     1.77           2.28 r        -0.51  (VIOLATED)
   rptr_empty/rbin_reg_2_/D     1.78           2.28 f        -0.51  (VIOLATED)
   wptr_full/wbin_reg_0_/D      1.78           2.29 f        -0.51  (VIOLATED)
   rptr_empty/rbin_reg_5_/D     1.77           2.28 r        -0.51  (VIOLATED)
   wptr_full/wbin_reg_3_/D      1.78           2.28 f        -0.50  (VIOLATED)
   rptr_empty/rbin_reg_1_/D     1.78           2.28 f        -0.50  (VIOLATED)
   rptr_empty/rbin_reg_8_/D     1.77           2.27 r        -0.50  (VIOLATED)
   rptr_empty/rbin_reg_4_/D     1.77           2.27 r        -0.50  (VIOLATED)
   rptr_empty/rbin_reg_6_/D     1.78           2.28 f        -0.50  (VIOLATED)
   rptr_empty/rbin_reg_0_/D     1.77           2.27 r        -0.49  (VIOLATED)
   wdata_reg_7_/D               0.86           1.17 r        -0.30  (VIOLATED)
   wdata_reg_0_/D               0.83           1.13 f        -0.30  (VIOLATED)
   wdata_reg_1_/D               0.83           1.13 f        -0.30  (VIOLATED)
   wdata_reg_2_/D               0.83           1.13 f        -0.30  (VIOLATED)
   wdata_reg_3_/D               0.83           1.13 f        -0.30  (VIOLATED)
   wdata_reg_4_/D               0.83           1.13 f        -0.30  (VIOLATED)
   wdata_reg_5_/D               0.83           1.13 f        -0.30  (VIOLATED)
   wdata_reg_6_/D               0.83           1.13 f        -0.30  (VIOLATED)


   max_delay/setup ('OUTPUTS' group)

                             Required        Actual
   Endpoint                 Path Delay     Path Delay        Slack
   -----------------------------------------------------------------
   rdata[0]                     0.90           1.78 f        -0.88  (VIOLATED)
   rdata[1]                     0.90           1.78 f        -0.88  (VIOLATED)
   rdata[2]                     0.90           1.78 f        -0.88  (VIOLATED)
   rdata[3]                     0.90           1.78 f        -0.88  (VIOLATED)
   rdata[4]                     0.90           1.78 f        -0.88  (VIOLATED)
   rdata[5]                     0.90           1.78 f        -0.88  (VIOLATED)
   rdata[6]                     0.90           1.78 f        -0.88  (VIOLATED)
   rdata[7]                     0.90           1.78 f        -0.88  (VIOLATED)
   rempty                       0.90           1.73 f        -0.83  (VIOLATED)
   wfull                        0.90           1.69 f        -0.79  (VIOLATED)


   min_delay/hold ('INTERNAL' group)

                             Required        Actual
   Endpoint                 Path Delay     Path Delay        Slack
   -----------------------------------------------------------------
   fifomem/genblk1_0__U/I1[7]
                                0.55           0.20 f        -0.35  (VIOLATED)
   fifomem/genblk1_1__U/I1[7]
                                0.55           0.20 f        -0.35  (VIOLATED)
   fifomem/genblk1_2__U/I1[7]
                                0.55           0.20 f        -0.35  (VIOLATED)
   fifomem/genblk1_3__U/I1[7]
                                0.55           0.20 f        -0.35  (VIOLATED)
   fifomem/genblk1_4__U/I1[7]
                                0.55           0.20 f        -0.35  (VIOLATED)
   fifomem/genblk1_5__U/I1[7]
                                0.55           0.20 f        -0.35  (VIOLATED)
   fifomem/genblk1_6__U/I1[7]
                                0.55           0.20 f        -0.35  (VIOLATED)
   fifomem/genblk1_7__U/I1[7]
                                0.55           0.20 f        -0.35  (VIOLATED)
   fifomem/genblk1_0__U/I1[0]
                                0.56           0.25 f        -0.31  (VIOLATED)
   fifomem/genblk1_0__U/I1[1]
                                0.56           0.25 f        -0.31  (VIOLATED)
   fifomem/genblk1_0__U/I1[2]
                                0.56           0.25 f        -0.31  (VIOLATED)
   fifomem/genblk1_0__U/I1[3]
                                0.56           0.25 f        -0.31  (VIOLATED)
   fifomem/genblk1_0__U/I1[4]
                                0.56           0.25 f        -0.31  (VIOLATED)
   fifomem/genblk1_0__U/I1[5]
                                0.56           0.25 f        -0.31  (VIOLATED)
   fifomem/genblk1_0__U/I1[6]
                                0.56           0.25 f        -0.31  (VIOLATED)
   fifomem/genblk1_1__U/I1[0]
                                0.56           0.25 f        -0.31  (VIOLATED)
   fifomem/genblk1_1__U/I1[1]
                                0.56           0.25 f        -0.31  (VIOLATED)
   fifomem/genblk1_1__U/I1[2]
                                0.56           0.25 f        -0.31  (VIOLATED)
   fifomem/genblk1_1__U/I1[3]
                                0.56           0.25 f        -0.31  (VIOLATED)
   fifomem/genblk1_1__U/I1[4]
                                0.56           0.25 f        -0.31  (VIOLATED)
   fifomem/genblk1_1__U/I1[5]
                                0.56           0.25 f        -0.31  (VIOLATED)
   fifomem/genblk1_1__U/I1[6]
                                0.56           0.25 f        -0.31  (VIOLATED)
   fifomem/genblk1_2__U/I1[0]
                                0.56           0.25 f        -0.31  (VIOLATED)
   fifomem/genblk1_2__U/I1[1]
                                0.56           0.25 f        -0.31  (VIOLATED)
   fifomem/genblk1_2__U/I1[2]
                                0.56           0.25 f        -0.31  (VIOLATED)
   fifomem/genblk1_2__U/I1[3]
                                0.56           0.25 f        -0.31  (VIOLATED)
   fifomem/genblk1_2__U/I1[4]
                                0.56           0.25 f        -0.31  (VIOLATED)
   fifomem/genblk1_2__U/I1[5]
                                0.56           0.25 f        -0.31  (VIOLATED)
   fifomem/genblk1_2__U/I1[6]
                                0.56           0.25 f        -0.31  (VIOLATED)
   fifomem/genblk1_3__U/I1[0]
                                0.56           0.25 f        -0.31  (VIOLATED)
   fifomem/genblk1_3__U/I1[1]
                                0.56           0.25 f        -0.31  (VIOLATED)
   fifomem/genblk1_3__U/I1[2]
                                0.56           0.25 f        -0.31  (VIOLATED)
   fifomem/genblk1_3__U/I1[3]
                                0.56           0.25 f        -0.31  (VIOLATED)
   fifomem/genblk1_3__U/I1[4]
                                0.56           0.25 f        -0.31  (VIOLATED)
   fifomem/genblk1_3__U/I1[5]
                                0.56           0.25 f        -0.31  (VIOLATED)
   fifomem/genblk1_3__U/I1[6]
                                0.56           0.25 f        -0.31  (VIOLATED)
   fifomem/genblk1_4__U/I1[0]
                                0.56           0.25 f        -0.31  (VIOLATED)
   fifomem/genblk1_4__U/I1[1]
                                0.56           0.25 f        -0.31  (VIOLATED)
   fifomem/genblk1_4__U/I1[2]
                                0.56           0.25 f        -0.31  (VIOLATED)
   fifomem/genblk1_4__U/I1[3]
                                0.56           0.25 f        -0.31  (VIOLATED)
   fifomem/genblk1_4__U/I1[4]
                                0.56           0.25 f        -0.31  (VIOLATED)
   fifomem/genblk1_4__U/I1[5]
                                0.56           0.25 f        -0.31  (VIOLATED)
   fifomem/genblk1_4__U/I1[6]
                                0.56           0.25 f        -0.31  (VIOLATED)
   fifomem/genblk1_5__U/I1[0]
                                0.56           0.25 f        -0.31  (VIOLATED)
   fifomem/genblk1_5__U/I1[1]
                                0.56           0.25 f        -0.31  (VIOLATED)
   fifomem/genblk1_5__U/I1[2]
                                0.56           0.25 f        -0.31  (VIOLATED)
   fifomem/genblk1_5__U/I1[3]
                                0.56           0.25 f        -0.31  (VIOLATED)
   fifomem/genblk1_5__U/I1[4]
                                0.56           0.25 f        -0.31  (VIOLATED)
   fifomem/genblk1_5__U/I1[5]
                                0.56           0.25 f        -0.31  (VIOLATED)
   fifomem/genblk1_5__U/I1[6]
                                0.56           0.25 f        -0.31  (VIOLATED)
   fifomem/genblk1_6__U/I1[0]
                                0.56           0.25 f        -0.31  (VIOLATED)
   fifomem/genblk1_6__U/I1[1]
                                0.56           0.25 f        -0.31  (VIOLATED)
   fifomem/genblk1_6__U/I1[2]
                                0.56           0.25 f        -0.31  (VIOLATED)
   fifomem/genblk1_6__U/I1[3]
                                0.56           0.25 f        -0.31  (VIOLATED)
   fifomem/genblk1_6__U/I1[4]
                                0.56           0.25 f        -0.31  (VIOLATED)
   fifomem/genblk1_6__U/I1[5]
                                0.56           0.25 f        -0.31  (VIOLATED)
   fifomem/genblk1_6__U/I1[6]
                                0.56           0.25 f        -0.31  (VIOLATED)
   fifomem/genblk1_7__U/I1[0]
                                0.56           0.25 f        -0.31  (VIOLATED)
   fifomem/genblk1_7__U/I1[1]
                                0.56           0.25 f        -0.31  (VIOLATED)
   fifomem/genblk1_7__U/I1[2]
                                0.56           0.25 f        -0.31  (VIOLATED)
   fifomem/genblk1_7__U/I1[3]
                                0.56           0.25 f        -0.31  (VIOLATED)
   fifomem/genblk1_7__U/I1[4]
                                0.56           0.25 f        -0.31  (VIOLATED)
   fifomem/genblk1_7__U/I1[5]
                                0.56           0.25 f        -0.31  (VIOLATED)
   fifomem/genblk1_7__U/I1[6]
                                0.56           0.25 f        -0.31  (VIOLATED)
   fifomem/genblk1_0__U/A1[6]
                                0.56           0.25 f        -0.30  (VIOLATED)
   fifomem/genblk1_1__U/A1[6]
                                0.56           0.25 f        -0.30  (VIOLATED)
   fifomem/genblk1_2__U/A1[6]
                                0.56           0.25 f        -0.30  (VIOLATED)
   fifomem/genblk1_3__U/A1[6]
                                0.56           0.25 f        -0.30  (VIOLATED)
   fifomem/genblk1_4__U/A1[6]
                                0.56           0.25 f        -0.30  (VIOLATED)
   fifomem/genblk1_5__U/A1[6]
                                0.56           0.25 f        -0.30  (VIOLATED)
   fifomem/genblk1_6__U/A1[6]
                                0.56           0.25 f        -0.30  (VIOLATED)
   fifomem/genblk1_7__U/A1[6]
                                0.56           0.25 f        -0.30  (VIOLATED)
   fifomem/genblk1_0__U/A2[3]
                                0.56           0.25 f        -0.30  (VIOLATED)
   fifomem/genblk1_1__U/A2[3]
                                0.56           0.25 f        -0.30  (VIOLATED)
   fifomem/genblk1_2__U/A2[3]
                                0.56           0.25 f        -0.30  (VIOLATED)
   fifomem/genblk1_3__U/A2[3]
                                0.56           0.25 f        -0.30  (VIOLATED)
   fifomem/genblk1_4__U/A2[3]
                                0.56           0.25 f        -0.30  (VIOLATED)
   fifomem/genblk1_5__U/A2[3]
                                0.56           0.25 f        -0.30  (VIOLATED)
   fifomem/genblk1_6__U/A2[3]
                                0.56           0.25 f        -0.30  (VIOLATED)
   fifomem/genblk1_7__U/A2[3]
                                0.56           0.25 f        -0.30  (VIOLATED)
   fifomem/genblk1_0__U/A1[0]
                                0.56           0.25 f        -0.30  (VIOLATED)
   fifomem/genblk1_0__U/A1[4]
                                0.56           0.25 f        -0.30  (VIOLATED)
   fifomem/genblk1_1__U/A1[0]
                                0.56           0.25 f        -0.30  (VIOLATED)
   fifomem/genblk1_1__U/A1[4]
                                0.56           0.25 f        -0.30  (VIOLATED)
   fifomem/genblk1_2__U/A1[0]
                                0.56           0.25 f        -0.30  (VIOLATED)
   fifomem/genblk1_2__U/A1[4]
                                0.56           0.25 f        -0.30  (VIOLATED)
   fifomem/genblk1_3__U/A1[0]
                                0.56           0.25 f        -0.30  (VIOLATED)
   fifomem/genblk1_3__U/A1[4]
                                0.56           0.25 f        -0.30  (VIOLATED)
   fifomem/genblk1_4__U/A1[0]
                                0.56           0.25 f        -0.30  (VIOLATED)
   fifomem/genblk1_4__U/A1[4]
                                0.56           0.25 f        -0.30  (VIOLATED)
   fifomem/genblk1_5__U/A1[0]
                                0.56           0.25 f        -0.30  (VIOLATED)
   fifomem/genblk1_5__U/A1[4]
                                0.56           0.25 f        -0.30  (VIOLATED)
   fifomem/genblk1_6__U/A1[0]
                                0.56           0.25 f        -0.30  (VIOLATED)
   fifomem/genblk1_6__U/A1[4]
                                0.56           0.25 f        -0.30  (VIOLATED)
   fifomem/genblk1_7__U/A1[0]
                                0.56           0.25 f        -0.30  (VIOLATED)
   fifomem/genblk1_7__U/A1[4]
                                0.56           0.25 f        -0.30  (VIOLATED)
   fifomem/genblk1_0__U/A1[5]
                                0.56           0.26 f        -0.30  (VIOLATED)
   fifomem/genblk1_1__U/A1[5]
                                0.56           0.26 f        -0.30  (VIOLATED)
   fifomem/genblk1_2__U/A1[5]
                                0.56           0.26 f        -0.30  (VIOLATED)
   fifomem/genblk1_3__U/A1[5]
                                0.56           0.26 f        -0.30  (VIOLATED)
   fifomem/genblk1_4__U/A1[5]
                                0.56           0.26 f        -0.30  (VIOLATED)
   fifomem/genblk1_5__U/A1[5]
                                0.56           0.26 f        -0.30  (VIOLATED)
   fifomem/genblk1_6__U/A1[5]
                                0.56           0.26 f        -0.30  (VIOLATED)
   fifomem/genblk1_7__U/A1[5]
                                0.56           0.26 f        -0.30  (VIOLATED)
   fifomem/genblk1_0__U/A2[1]
                                0.56           0.26 f        -0.30  (VIOLATED)
   fifomem/genblk1_1__U/A2[1]
                                0.56           0.26 f        -0.30  (VIOLATED)
   fifomem/genblk1_2__U/A2[1]
                                0.56           0.26 f        -0.30  (VIOLATED)
   fifomem/genblk1_3__U/A2[1]
                                0.56           0.26 f        -0.30  (VIOLATED)
   fifomem/genblk1_4__U/A2[1]
                                0.56           0.26 f        -0.30  (VIOLATED)
   fifomem/genblk1_5__U/A2[1]
                                0.56           0.26 f        -0.30  (VIOLATED)
   fifomem/genblk1_6__U/A2[1]
                                0.56           0.26 f        -0.30  (VIOLATED)
   fifomem/genblk1_7__U/A2[1]
                                0.56           0.26 f        -0.30  (VIOLATED)
   fifomem/genblk1_0__U/A2[6]
                                0.56           0.26 f        -0.30  (VIOLATED)
   fifomem/genblk1_1__U/A2[6]
                                0.56           0.26 f        -0.30  (VIOLATED)
   fifomem/genblk1_2__U/A2[6]
                                0.56           0.26 f        -0.30  (VIOLATED)
   fifomem/genblk1_3__U/A2[6]
                                0.56           0.26 f        -0.30  (VIOLATED)
   fifomem/genblk1_4__U/A2[6]
                                0.56           0.26 f        -0.30  (VIOLATED)
   fifomem/genblk1_5__U/A2[6]
                                0.56           0.26 f        -0.30  (VIOLATED)
   fifomem/genblk1_6__U/A2[6]
                                0.56           0.26 f        -0.30  (VIOLATED)
   fifomem/genblk1_7__U/A2[6]
                                0.56           0.26 f        -0.30  (VIOLATED)
   fifomem/genblk1_0__U/A1[2]
                                0.56           0.26 f        -0.30  (VIOLATED)
   fifomem/genblk1_1__U/A1[2]
                                0.56           0.26 f        -0.30  (VIOLATED)
   fifomem/genblk1_2__U/A1[2]
                                0.56           0.26 f        -0.30  (VIOLATED)
   fifomem/genblk1_3__U/A1[2]
                                0.56           0.26 f        -0.30  (VIOLATED)
   fifomem/genblk1_4__U/A1[2]
                                0.56           0.26 f        -0.30  (VIOLATED)
   fifomem/genblk1_5__U/A1[2]
                                0.56           0.26 f        -0.30  (VIOLATED)
   fifomem/genblk1_6__U/A1[2]
                                0.56           0.26 f        -0.30  (VIOLATED)
   fifomem/genblk1_7__U/A1[2]
                                0.56           0.26 f        -0.30  (VIOLATED)
   fifomem/genblk1_0__U/A1[1]
                                0.55           0.26 f        -0.30  (VIOLATED)
   fifomem/genblk1_0__U/A2[5]
                                0.55           0.26 f        -0.30  (VIOLATED)
   fifomem/genblk1_1__U/A1[1]
                                0.55           0.26 f        -0.30  (VIOLATED)
   fifomem/genblk1_1__U/A2[5]
                                0.55           0.26 f        -0.30  (VIOLATED)
   fifomem/genblk1_2__U/A1[1]
                                0.55           0.26 f        -0.30  (VIOLATED)
   fifomem/genblk1_2__U/A2[5]
                                0.55           0.26 f        -0.30  (VIOLATED)
   fifomem/genblk1_3__U/A1[1]
                                0.55           0.26 f        -0.30  (VIOLATED)
   fifomem/genblk1_3__U/A2[5]
                                0.55           0.26 f        -0.30  (VIOLATED)
   fifomem/genblk1_4__U/A1[1]
                                0.55           0.26 f        -0.30  (VIOLATED)
   fifomem/genblk1_4__U/A2[5]
                                0.55           0.26 f        -0.30  (VIOLATED)
   fifomem/genblk1_5__U/A1[1]
                                0.55           0.26 f        -0.30  (VIOLATED)
   fifomem/genblk1_5__U/A2[5]
                                0.55           0.26 f        -0.30  (VIOLATED)
   fifomem/genblk1_6__U/A1[1]
                                0.55           0.26 f        -0.30  (VIOLATED)
   fifomem/genblk1_6__U/A2[5]
                                0.55           0.26 f        -0.30  (VIOLATED)
   fifomem/genblk1_7__U/A1[1]
                                0.55           0.26 f        -0.30  (VIOLATED)
   fifomem/genblk1_7__U/A2[5]
                                0.55           0.26 f        -0.30  (VIOLATED)
   fifomem/genblk1_0__U/A2[4]
                                0.55           0.26 f        -0.29  (VIOLATED)
   fifomem/genblk1_1__U/A2[4]
                                0.55           0.26 f        -0.29  (VIOLATED)
   fifomem/genblk1_2__U/A2[4]
                                0.55           0.26 f        -0.29  (VIOLATED)
   fifomem/genblk1_3__U/A2[4]
                                0.55           0.26 f        -0.29  (VIOLATED)
   fifomem/genblk1_4__U/A2[4]
                                0.55           0.26 f        -0.29  (VIOLATED)
   fifomem/genblk1_5__U/A2[4]
                                0.55           0.26 f        -0.29  (VIOLATED)
   fifomem/genblk1_6__U/A2[4]
                                0.55           0.26 f        -0.29  (VIOLATED)
   fifomem/genblk1_7__U/A2[4]
                                0.55           0.26 f        -0.29  (VIOLATED)
   fifomem/genblk1_0__U/A2[0]
                                0.55           0.26 f        -0.29  (VIOLATED)
   fifomem/genblk1_1__U/A2[0]
                                0.55           0.26 f        -0.29  (VIOLATED)
   fifomem/genblk1_2__U/A2[0]
                                0.55           0.26 f        -0.29  (VIOLATED)
   fifomem/genblk1_3__U/A2[0]
                                0.55           0.26 f        -0.29  (VIOLATED)
   fifomem/genblk1_4__U/A2[0]
                                0.55           0.26 f        -0.29  (VIOLATED)
   fifomem/genblk1_5__U/A2[0]
                                0.55           0.26 f        -0.29  (VIOLATED)
   fifomem/genblk1_6__U/A2[0]
                                0.55           0.26 f        -0.29  (VIOLATED)
   fifomem/genblk1_7__U/A2[0]
                                0.55           0.26 f        -0.29  (VIOLATED)
   fifomem/genblk1_0__U/A2[2]
                                0.55           0.26 f        -0.29  (VIOLATED)
   fifomem/genblk1_1__U/A2[2]
                                0.55           0.26 f        -0.29  (VIOLATED)
   fifomem/genblk1_2__U/A2[2]
                                0.55           0.26 f        -0.29  (VIOLATED)
   fifomem/genblk1_3__U/A2[2]
                                0.55           0.26 f        -0.29  (VIOLATED)
   fifomem/genblk1_4__U/A2[2]
                                0.55           0.26 f        -0.29  (VIOLATED)
   fifomem/genblk1_5__U/A2[2]
                                0.55           0.26 f        -0.29  (VIOLATED)
   fifomem/genblk1_6__U/A2[2]
                                0.55           0.26 f        -0.29  (VIOLATED)
   fifomem/genblk1_7__U/A2[2]
                                0.55           0.26 f        -0.29  (VIOLATED)
   fifomem/genblk1_0__U/A1[3]
                                0.55           0.26 f        -0.29  (VIOLATED)
   fifomem/genblk1_1__U/A1[3]
                                0.55           0.26 f        -0.29  (VIOLATED)
   fifomem/genblk1_2__U/A1[3]
                                0.55           0.26 f        -0.29  (VIOLATED)
   fifomem/genblk1_3__U/A1[3]
                                0.55           0.26 f        -0.29  (VIOLATED)
   fifomem/genblk1_4__U/A1[3]
                                0.55           0.26 f        -0.29  (VIOLATED)
   fifomem/genblk1_5__U/A1[3]
                                0.55           0.26 f        -0.29  (VIOLATED)
   fifomem/genblk1_6__U/A1[3]
                                0.55           0.26 f        -0.29  (VIOLATED)
   fifomem/genblk1_7__U/A1[3]
                                0.55           0.26 f        -0.29  (VIOLATED)
   sync_r2w/wq2_rptr_reg_0_/D
                                0.28           0.26 f        -0.03  (VIOLATED)
   sync_r2w/wq2_rptr_reg_1_/D
                                0.28           0.26 f        -0.03  (VIOLATED)
   sync_r2w/wq2_rptr_reg_2_/D
                                0.28           0.26 f        -0.03  (VIOLATED)
   sync_r2w/wq2_rptr_reg_3_/D
                                0.28           0.26 f        -0.03  (VIOLATED)
   sync_r2w/wq2_rptr_reg_4_/D
                                0.28           0.26 f        -0.03  (VIOLATED)
   sync_r2w/wq2_rptr_reg_5_/D
                                0.28           0.26 f        -0.03  (VIOLATED)
   sync_r2w/wq2_rptr_reg_6_/D
                                0.28           0.26 f        -0.03  (VIOLATED)
   sync_r2w/wq2_rptr_reg_7_/D
                                0.28           0.26 f        -0.03  (VIOLATED)
   sync_r2w/wq2_rptr_reg_8_/D
                                0.28           0.26 f        -0.03  (VIOLATED)
   sync_r2w/wq2_rptr_reg_9_/D
                                0.28           0.26 f        -0.03  (VIOLATED)
   sync_r2w/wq2_rptr_reg_10_/D
                                0.28           0.26 f        -0.03  (VIOLATED)
   sync_w2r/rq2_wptr_reg_0_/D
                                0.28           0.26 f        -0.03  (VIOLATED)
   sync_w2r/rq2_wptr_reg_1_/D
                                0.28           0.26 f        -0.03  (VIOLATED)
   sync_w2r/rq2_wptr_reg_2_/D
                                0.28           0.26 f        -0.03  (VIOLATED)
   sync_w2r/rq2_wptr_reg_3_/D
                                0.28           0.26 f        -0.03  (VIOLATED)
   sync_w2r/rq2_wptr_reg_4_/D
                                0.28           0.26 f        -0.03  (VIOLATED)
   sync_w2r/rq2_wptr_reg_5_/D
                                0.28           0.26 f        -0.03  (VIOLATED)
   sync_w2r/rq2_wptr_reg_6_/D
                                0.28           0.26 f        -0.03  (VIOLATED)
   sync_w2r/rq2_wptr_reg_7_/D
                                0.28           0.26 f        -0.03  (VIOLATED)
   sync_w2r/rq2_wptr_reg_8_/D
                                0.28           0.26 f        -0.03  (VIOLATED)
   sync_w2r/rq2_wptr_reg_9_/D
                                0.28           0.26 f        -0.03  (VIOLATED)
   sync_w2r/rq2_wptr_reg_10_/D
                                0.28           0.26 f        -0.03  (VIOLATED)


   max_transition

                             Required        Actual
   Net                      Transition     Transition        Slack
   -----------------------------------------------------------------
   wfull                        0.33           0.89          -0.56  (VIOLATED)
       PORT :  wfull            0.33           0.89          -0.56  (VIOLATED)
   rempty                       0.33           0.89          -0.56  (VIOLATED)
       PORT :  rempty           0.33           0.89          -0.56  (VIOLATED)
   rdata[0]                     0.33           0.89          -0.56  (VIOLATED)
       PORT :  rdata[0]         0.33           0.89          -0.56  (VIOLATED)
   rdata[1]                     0.33           0.89          -0.56  (VIOLATED)
       PORT :  rdata[1]         0.33           0.89          -0.56  (VIOLATED)
   rdata[2]                     0.33           0.89          -0.56  (VIOLATED)
       PORT :  rdata[2]         0.33           0.89          -0.56  (VIOLATED)
   rdata[3]                     0.33           0.89          -0.56  (VIOLATED)
       PORT :  rdata[3]         0.33           0.89          -0.56  (VIOLATED)
   rdata[4]                     0.33           0.89          -0.56  (VIOLATED)
       PORT :  rdata[4]         0.33           0.89          -0.56  (VIOLATED)
   rdata[5]                     0.33           0.89          -0.56  (VIOLATED)
       PORT :  rdata[5]         0.33           0.89          -0.56  (VIOLATED)
   rdata[6]                     0.33           0.89          -0.56  (VIOLATED)
       PORT :  rdata[6]         0.33           0.89          -0.56  (VIOLATED)
   rdata[7]                     0.33           0.89          -0.56  (VIOLATED)
       PORT :  rdata[7]         0.33           0.89          -0.56  (VIOLATED)
   n16                          0.17           0.61          -0.45  (VIOLATED)
       PIN :   io_r_wdata_in_0_/PADIO
                                0.17           0.61          -0.45  (VIOLATED)
       PIN :   U21/Y            0.17           0.61          -0.45  (VIOLATED)
   n17                          0.17           0.61          -0.45  (VIOLATED)
       PIN :   io_r_wdata_in_1_/PADIO
                                0.17           0.61          -0.45  (VIOLATED)
       PIN :   U23/Y            0.17           0.61          -0.45  (VIOLATED)
   n18                          0.17           0.61          -0.45  (VIOLATED)
       PIN :   io_r_wdata_in_2_/PADIO
                                0.17           0.61          -0.45  (VIOLATED)
       PIN :   U25/Y            0.17           0.61          -0.45  (VIOLATED)
   n19                          0.17           0.61          -0.45  (VIOLATED)
       PIN :   io_r_wdata_in_3_/PADIO
                                0.17           0.61          -0.45  (VIOLATED)
       PIN :   U27/Y            0.17           0.61          -0.45  (VIOLATED)
   n20                          0.17           0.61          -0.45  (VIOLATED)
       PIN :   io_r_wdata_in_4_/PADIO
                                0.17           0.61          -0.45  (VIOLATED)
       PIN :   U29/Y            0.17           0.61          -0.45  (VIOLATED)
   n21                          0.17           0.61          -0.45  (VIOLATED)
       PIN :   io_r_wdata_in_5_/PADIO
                                0.17           0.61          -0.45  (VIOLATED)
       PIN :   U31/Y            0.17           0.61          -0.45  (VIOLATED)
   n22                          0.17           0.61          -0.45  (VIOLATED)
       PIN :   io_r_wdata_in_6_/PADIO
                                0.17           0.61          -0.45  (VIOLATED)
       PIN :   U33/Y            0.17           0.61          -0.45  (VIOLATED)
   n23                          0.17           0.61          -0.45  (VIOLATED)
       PIN :   io_r_wdata_in_7_/PADIO
                                0.17           0.61          -0.45  (VIOLATED)
       PIN :   U35/Y            0.17           0.61          -0.45  (VIOLATED)
   n10                          0.33           0.69          -0.36  (VIOLATED)
       PIN :   io_b_rinc/PADIO
                                0.33           0.69          -0.36  (VIOLATED)
       PIN :   U17/Y            0.33           0.69          -0.36  (VIOLATED)
   n11                          0.33           0.69          -0.36  (VIOLATED)
       PIN :   io_b_winc/PADIO
                                0.33           0.69          -0.36  (VIOLATED)
       PIN :   U18/Y            0.33           0.69          -0.36  (VIOLATED)
   io_r_wdata_in_7__net         0.17           0.18          -0.02  (VIOLATED)
       PIN :   U19/A            0.17           0.18          -0.02  (VIOLATED)
       PIN :   io_r_wdata_in_7_/DOUT
                                0.17           0.18          -0.02  (VIOLATED)
   io_r_wdata_in_0__net         0.17           0.18          -0.02  (VIOLATED)
       PIN :   wdata_reg_0_/D
                                0.17           0.18          -0.02  (VIOLATED)
       PIN :   io_r_wdata_in_0_/DOUT
                                0.17           0.18          -0.02  (VIOLATED)
   io_r_wdata_in_1__net         0.17           0.18          -0.02  (VIOLATED)
       PIN :   wdata_reg_1_/D
                                0.17           0.18          -0.02  (VIOLATED)
       PIN :   io_r_wdata_in_1_/DOUT
                                0.17           0.18          -0.02  (VIOLATED)
   io_r_wdata_in_2__net         0.17           0.18          -0.02  (VIOLATED)
       PIN :   wdata_reg_2_/D
                                0.17           0.18          -0.02  (VIOLATED)
       PIN :   io_r_wdata_in_2_/DOUT
                                0.17           0.18          -0.02  (VIOLATED)
   io_r_wdata_in_3__net         0.17           0.18          -0.02  (VIOLATED)
       PIN :   wdata_reg_3_/D
                                0.17           0.18          -0.02  (VIOLATED)
       PIN :   io_r_wdata_in_3_/DOUT
                                0.17           0.18          -0.02  (VIOLATED)
   io_r_wdata_in_4__net         0.17           0.18          -0.02  (VIOLATED)
       PIN :   wdata_reg_4_/D
                                0.17           0.18          -0.02  (VIOLATED)
       PIN :   io_r_wdata_in_4_/DOUT
                                0.17           0.18          -0.02  (VIOLATED)
   io_r_wdata_in_5__net         0.17           0.18          -0.02  (VIOLATED)
       PIN :   wdata_reg_5_/D
                                0.17           0.18          -0.02  (VIOLATED)
       PIN :   io_r_wdata_in_5_/DOUT
                                0.17           0.18          -0.02  (VIOLATED)
   io_r_wdata_in_6__net         0.17           0.18          -0.02  (VIOLATED)
       PIN :   wdata_reg_6_/D
                                0.17           0.18          -0.02  (VIOLATED)
       PIN :   io_r_wdata_in_6_/DOUT
                                0.17           0.18          -0.02  (VIOLATED)

   -----------------------------------------------------------------
   Total                      28                -10.00  

   max_capacitance

                             Required        Actual
   Net                      Capacitance    Capacitance       Slack
   -----------------------------------------------------------------
   n10                        168.00        2540.00       -2372.00  (VIOLATED)
   n11                        168.00        2540.00       -2372.00  (VIOLATED)
   n16                        168.00        2540.00       -2372.00  (VIOLATED)
   n17                        168.00        2540.00       -2372.00  (VIOLATED)
   n18                        168.00        2540.00       -2372.00  (VIOLATED)
   n19                        168.00        2540.00       -2372.00  (VIOLATED)
   n20                        168.00        2540.00       -2372.00  (VIOLATED)
   n21                        168.00        2540.00       -2372.00  (VIOLATED)
   n22                        168.00        2540.00       -2372.00  (VIOLATED)
   n23                        168.00        2540.00       -2372.00  (VIOLATED)
   fifomem/n29                  0.03           0.51          -0.48  (VIOLATED)
   fifomem/n35                  0.03           0.51          -0.48  (VIOLATED)
   fifomem/n37                  0.03           0.51          -0.48  (VIOLATED)
   fifomem/n43                  0.03           0.51          -0.48  (VIOLATED)
   fifomem/n45                  0.03           0.51          -0.48  (VIOLATED)
   fifomem/n51                  0.03           0.51          -0.48  (VIOLATED)
   fifomem/n53                  0.03           0.51          -0.48  (VIOLATED)
   fifomem/n59                  0.03           0.51          -0.48  (VIOLATED)
   fifomem/n61                  0.03           0.51          -0.48  (VIOLATED)
   fifomem/n67                  0.03           0.51          -0.48  (VIOLATED)
   fifomem/n69                  0.03           0.51          -0.48  (VIOLATED)
   fifomem/n75                  0.03           0.51          -0.48  (VIOLATED)
   fifomem/n77                  0.03           0.51          -0.48  (VIOLATED)
   fifomem/n83                  0.03           0.51          -0.48  (VIOLATED)
   fifomem/n85                  0.03           0.51          -0.48  (VIOLATED)
   fifomem/n91                  0.03           0.51          -0.48  (VIOLATED)
   fifomem/n30                  0.03           0.49          -0.47  (VIOLATED)
   fifomem/n34                  0.03           0.49          -0.47  (VIOLATED)
   fifomem/n38                  0.03           0.49          -0.47  (VIOLATED)
   fifomem/n42                  0.03           0.49          -0.47  (VIOLATED)
   fifomem/n46                  0.03           0.49          -0.47  (VIOLATED)
   fifomem/n50                  0.03           0.49          -0.47  (VIOLATED)
   fifomem/n54                  0.03           0.49          -0.47  (VIOLATED)
   fifomem/n58                  0.03           0.49          -0.47  (VIOLATED)
   fifomem/n62                  0.03           0.49          -0.47  (VIOLATED)
   fifomem/n66                  0.03           0.49          -0.47  (VIOLATED)
   fifomem/n70                  0.03           0.49          -0.47  (VIOLATED)
   fifomem/n74                  0.03           0.49          -0.47  (VIOLATED)
   fifomem/n78                  0.03           0.49          -0.47  (VIOLATED)
   fifomem/n82                  0.03           0.49          -0.47  (VIOLATED)
   fifomem/n86                  0.03           0.49          -0.47  (VIOLATED)
   fifomem/n90                  0.03           0.49          -0.47  (VIOLATED)
   fifomem/n31                  0.03           0.48          -0.46  (VIOLATED)
   fifomem/n33                  0.03           0.48          -0.46  (VIOLATED)
   fifomem/n39                  0.03           0.48          -0.46  (VIOLATED)
   fifomem/n41                  0.03           0.48          -0.46  (VIOLATED)
   fifomem/n47                  0.03           0.48          -0.46  (VIOLATED)
   fifomem/n49                  0.03           0.48          -0.46  (VIOLATED)
   fifomem/n55                  0.03           0.48          -0.46  (VIOLATED)
   fifomem/n57                  0.03           0.48          -0.46  (VIOLATED)
   fifomem/n63                  0.03           0.48          -0.46  (VIOLATED)
   fifomem/n65                  0.03           0.48          -0.46  (VIOLATED)
   fifomem/n71                  0.03           0.48          -0.46  (VIOLATED)
   fifomem/n73                  0.03           0.48          -0.46  (VIOLATED)
   fifomem/n79                  0.03           0.48          -0.46  (VIOLATED)
   fifomem/n81                  0.03           0.48          -0.46  (VIOLATED)
   fifomem/n87                  0.03           0.48          -0.46  (VIOLATED)
   fifomem/n89                  0.03           0.48          -0.46  (VIOLATED)
   fifomem/n32                  0.03           0.47          -0.45  (VIOLATED)
   fifomem/n36                  0.03           0.47          -0.45  (VIOLATED)
   fifomem/n40                  0.03           0.47          -0.45  (VIOLATED)
   fifomem/n44                  0.03           0.47          -0.45  (VIOLATED)
   fifomem/n48                  0.03           0.47          -0.45  (VIOLATED)
   fifomem/n52                  0.03           0.47          -0.45  (VIOLATED)
   fifomem/n56                  0.03           0.47          -0.45  (VIOLATED)
   fifomem/n60                  0.03           0.47          -0.45  (VIOLATED)
   fifomem/n64                  0.03           0.47          -0.45  (VIOLATED)
   fifomem/n68                  0.03           0.47          -0.45  (VIOLATED)
   fifomem/n72                  0.03           0.47          -0.45  (VIOLATED)
   fifomem/n76                  0.03           0.47          -0.45  (VIOLATED)
   fifomem/n80                  0.03           0.47          -0.45  (VIOLATED)
   fifomem/n84                  0.03           0.47          -0.45  (VIOLATED)
   fifomem/n88                  0.03           0.47          -0.45  (VIOLATED)
   fifomem/n92                  0.03           0.47          -0.45  (VIOLATED)

   -----------------------------------------------------------------
   Total                      74              -23749.74 

   max_leakage_power

                             Required        Actual
   Design                   Leakage Power  Leakage Power     Slack
   -----------------------------------------------------------------
   fifo1_srama                  0.00       1142721024.00  -1142721024.00
                                                                    (VIOLATED)


1
